<html>
<body>
<pre>
<h1>µVision Build Log</h1>
<h2>Tool Versions:</h2>
IDE-Version: ¦ÌVision V5.18.0.0
Copyright (C) 2016 ARM Ltd and ARM Germany GmbH. All rights reserved.
License Information: Peter Bee, THU, LIC=LJWPC-7AWS8-C2QL6-DNGZV-T35TB-5TME4
 
Tool Versions:
Toolchain:       MDK-ARM Professional  Version: 5.18
Toolchain Path:  D:\Keil_v5\ARM\ARMCC\Bin
C Compiler:      Armcc.exe V5.06 update 1 (build 61)
Assembler:       Armasm.exe V5.06 update 1 (build 61)
Linker/Locator:  ArmLink.exe V5.06 update 1 (build 61)
Library Manager: ArmAr.exe V5.06 update 1 (build 61)
Hex Converter:   FromElf.exe V5.06 update 1 (build 61)
CPU DLL:         SARMCM3.DLL V5.18
Dialog DLL:      DARMCM1.DLL V1.12.0.0
Target DLL:      STLink\ST-LINKIII-KEIL_SWO.dll V2.0.18.0
Dialog DLL:      TARMCM1.DLL V1.9.0.0
 
<h2>Project:</h2>
C:\Users\bjd97\Documents\EDC18_COM\CodeR\User\STM32F030Demo.uvprojx
Project File Date:  09/11/2016

<h2>Output:</h2>
*** Using Compiler 'V5.06 update 1 (build 61)', folder: 'D:\Keil_v5\ARM\ARMCC\Bin'
Build target 'Stm32f030demo'
compiling main.c...
compiling stm32f0xx_it.c...
compiling system_stm32f0xx.c...
assembling startup_stm32f0xx.s...
compiling led.c...
compiling USART1.c...
compiling PWM.c...
compiling 24l01.c...
compiling spi.c...
compiling delay.c...
compiling stm32f0xx_gpio.c...
compiling stm32f0xx_rcc.c...
compiling stm32f0xx_misc.c...
compiling stm32f0xx_usart.c...
compiling stm32f0xx_spi.c...
compiling stm32f0xx_tim.c...
linking...
Program Size: Code=7576 RO-data=236 RW-data=60 ZI-data=1636  
"..\OBJ\TX.axf" - 0 Error(s), 0 Warning(s).

<h2>Collection of Component include folders:</h2>
  C:\Users\bjd97\Documents\EDC18_COM\CodeR\User\RTE
  D:\Keil_v5\ARM\PACK\Keil\STM32F0xx_DFP\1.5.0\Device\Include

<h2>Collection of Component Files used:</h2>
Build Time Elapsed:  00:00:02
</pre>
</body>
</html>
