Component: ARM Compiler 5.06 update 1 (build 61) Tool: armlink [4d35a8]

==============================================================================

Section Cross References

    main.o(.text) refers to delay.o(.text) for delay_init
    main.o(.text) refers to led.o(.text) for LED_Init
    main.o(.text) refers to usart1.o(.text) for USART1_Init
    main.o(.text) refers to 24l01.o(.text) for NRF24L01_Init
    main.o(.text) refers to stm32f0xx_gpio.o(.text) for GPIO_SetBits
    main.o(.text) refers to main.o(.data) for buf
    system_stm32f0xx.o(.text) refers to aeabi_sdiv.o(.text) for __aeabi_uidivmod
    system_stm32f0xx.o(.text) refers to system_stm32f0xx.o(.data) for SystemCoreClock
    startup_stm32f0xx.o(STACK) refers (Special) to heapauxi.o(.text) for __use_two_region_memory
    startup_stm32f0xx.o(HEAP) refers (Special) to heapauxi.o(.text) for __use_two_region_memory
    startup_stm32f0xx.o(RESET) refers (Special) to heapauxi.o(.text) for __use_two_region_memory
    startup_stm32f0xx.o(RESET) refers to startup_stm32f0xx.o(STACK) for __initial_sp
    startup_stm32f0xx.o(RESET) refers to startup_stm32f0xx.o(.text) for Reset_Handler
    startup_stm32f0xx.o(RESET) refers to stm32f0xx_it.o(.text) for NMI_Handler
    startup_stm32f0xx.o(RESET) refers to usart1.o(.text) for USART1_IRQHandler
    startup_stm32f0xx.o(.text) refers (Special) to heapauxi.o(.text) for __use_two_region_memory
    startup_stm32f0xx.o(.text) refers to system_stm32f0xx.o(.text) for SystemInit
    startup_stm32f0xx.o(.text) refers to __main.o(!!!main) for __main
    startup_stm32f0xx.o(.text) refers to startup_stm32f0xx.o(HEAP) for Heap_Mem
    startup_stm32f0xx.o(.text) refers to startup_stm32f0xx.o(STACK) for Stack_Mem
    led.o(.text) refers to stm32f0xx_rcc.o(.text) for RCC_AHBPeriphClockCmd
    led.o(.text) refers to stm32f0xx_gpio.o(.text) for GPIO_Init
    usart1.o(.emb_text) refers (Special) to use_no_semi_2.o(.text) for __use_no_semihosting
    usart1.o(.text) refers (Special) to use_no_semi_2.o(.text) for __use_no_semihosting
    usart1.o(.text) refers to stm32f0xx_rcc.o(.text) for RCC_AHBPeriphClockCmd
    usart1.o(.text) refers to stm32f0xx_gpio.o(.text) for GPIO_PinAFConfig
    usart1.o(.text) refers to stm32f0xx_usart.o(.text) for USART_Init
    usart1.o(.text) refers to stm32f0xx_misc.o(.text) for NVIC_Init
    usart1.o(.data) refers (Special) to use_no_semi_2.o(.text) for __use_no_semihosting
    pwm.o(.text) refers to stm32f0xx_rcc.o(.text) for RCC_APB1PeriphClockCmd
    pwm.o(.text) refers to stm32f0xx_tim.o(.text) for TIM_TimeBaseInit
    24l01.o(.text) refers to stm32f0xx_spi.o(.text) for SPI_Cmd
    24l01.o(.text) refers to stm32f0xx_gpio.o(.text) for GPIO_Init
    24l01.o(.text) refers to spi.o(.text) for SPI1_Init
    24l01.o(.text) refers to delay.o(.text) for delay_us
    24l01.o(.text) refers to 24l01.o(.constdata) for RX_ADDRESS
    spi.o(.text) refers to stm32f0xx_spi.o(.text) for SPI_I2S_GetFlagStatus
    spi.o(.text) refers to stm32f0xx_rcc.o(.text) for RCC_AHBPeriphClockCmd
    spi.o(.text) refers to stm32f0xx_gpio.o(.text) for GPIO_Init
    delay.o(.text) refers to stm32f0xx_misc.o(.text) for SysTick_CLKSourceConfig
    delay.o(.text) refers to aeabi_sdiv.o(.text) for __aeabi_uidivmod
    delay.o(.text) refers to system_stm32f0xx.o(.data) for SystemCoreClock
    delay.o(.text) refers to delay.o(.data) for fac_us
    stm32f0xx_gpio.o(.text) refers to stm32f0xx_rcc.o(.text) for RCC_AHBPeriphResetCmd
    stm32f0xx_rcc.o(.text) refers to aeabi_sdiv.o(.text) for __aeabi_uidivmod
    stm32f0xx_rcc.o(.text) refers to stm32f0xx_rcc.o(.data) for APBAHBPrescTable
    stm32f0xx_usart.o(.text) refers to stm32f0xx_rcc.o(.text) for RCC_APB2PeriphResetCmd
    stm32f0xx_usart.o(.text) refers to aeabi_sdiv.o(.text) for __aeabi_uidivmod
    stm32f0xx_tim.o(.text) refers to stm32f0xx_rcc.o(.text) for RCC_APB2PeriphResetCmd
    stm32f0xx_spi.o(.text) refers to stm32f0xx_rcc.o(.text) for RCC_APB2PeriphResetCmd
    stm32f0xx_spi.o(.text) refers to aeabi_sdiv.o(.text) for __aeabi_uidivmod
    use_no_semi_2.o(.text) refers (Special) to use_no_semi.o(.text) for __use_no_semihosting_swi
    __main.o(!!!main) refers to __rtentry.o(.ARM.Collect$$rtentry$$00000000) for __rt_entry
    __rtentry.o(.ARM.Collect$$rtentry$$00000000) refers (Special) to __rtentry2.o(.ARM.Collect$$rtentry$$0000000A) for __rt_entry_li
    __rtentry.o(.ARM.Collect$$rtentry$$00000000) refers (Special) to __rtentry2.o(.ARM.Collect$$rtentry$$0000000D) for __rt_entry_main
    __rtentry.o(.ARM.Collect$$rtentry$$00000000) refers (Special) to __rtentry2.o(.ARM.Collect$$rtentry$$0000000C) for __rt_entry_postli_1
    __rtentry.o(.ARM.Collect$$rtentry$$00000000) refers (Special) to __rtentry2.o(.ARM.Collect$$rtentry$$00000009) for __rt_entry_postsh_1
    __rtentry.o(.ARM.Collect$$rtentry$$00000000) refers (Special) to __rtentry2.o(.ARM.Collect$$rtentry$$00000002) for __rt_entry_presh_1
    __rtentry.o(.ARM.Collect$$rtentry$$00000000) refers (Special) to __rtentry4.o(.ARM.Collect$$rtentry$$00000004) for __rt_entry_sh
    aeabi_idiv0_sigfpe.o(.text) refers to rt_div0.o(.text) for __rt_div0
    __rtentry2.o(.ARM.Collect$$rtentry$$00000008) refers to boardinit2.o(.text) for _platform_post_stackheap_init
    __rtentry2.o(.ARM.Collect$$rtentry$$0000000A) refers to libinit.o(.ARM.Collect$$libinit$$00000000) for __rt_lib_init
    __rtentry2.o(.ARM.Collect$$rtentry$$0000000B) refers to boardinit3.o(.text) for _platform_post_lib_init
    __rtentry2.o(.ARM.Collect$$rtentry$$0000000D) refers to main.o(.text) for main
    __rtentry2.o(.ARM.Collect$$rtentry$$0000000D) refers to exit.o(.text) for exit
    __rtentry2.o(.ARM.exidx) refers to __rtentry2.o(.ARM.Collect$$rtentry$$00000001) for .ARM.Collect$$rtentry$$00000001
    __rtentry2.o(.ARM.exidx) refers to __rtentry2.o(.ARM.Collect$$rtentry$$00000008) for .ARM.Collect$$rtentry$$00000008
    __rtentry2.o(.ARM.exidx) refers to __rtentry2.o(.ARM.Collect$$rtentry$$0000000A) for .ARM.Collect$$rtentry$$0000000A
    __rtentry2.o(.ARM.exidx) refers to __rtentry2.o(.ARM.Collect$$rtentry$$0000000B) for .ARM.Collect$$rtentry$$0000000B
    __rtentry2.o(.ARM.exidx) refers to __rtentry2.o(.ARM.Collect$$rtentry$$0000000D) for .ARM.Collect$$rtentry$$0000000D
    __rtentry4.o(.ARM.Collect$$rtentry$$00000004) refers to sys_stackheap_outer.o(.text) for __user_setup_stackheap
    __rtentry4.o(.ARM.exidx) refers to __rtentry4.o(.ARM.Collect$$rtentry$$00000004) for .ARM.Collect$$rtentry$$00000004
    rt_div0.o(.text) refers to defsig_fpe_outer.o(.text) for __rt_SIGFPE
    sys_stackheap_outer.o(.text) refers to libspace.o(.text) for __user_perproc_libspace
    sys_stackheap_outer.o(.text) refers to startup_stm32f0xx.o(.text) for __user_initial_stackheap
    sys_stackheap_outer.o(__vectab_stack_and_reset_area) refers to tempstk.o(.text) for __temporary_stack_top
    sys_stackheap_outer.o(__vectab_stack_and_reset_area) refers to __main.o(!!!main) for __main
    exit.o(.text) refers to rtexit.o(.ARM.Collect$$rtexit$$00000000) for __rt_exit
    defsig_fpe_outer.o(.text) refers to defsig_fpe_inner.o(.text) for __rt_SIGFPE_inner
    defsig_fpe_outer.o(.text) refers to defsig_exit.o(.text) for __sig_exit
    defsig_fpe_formal.o(.text) refers to rt_raise.o(.text) for __rt_raise
    libinit.o(.ARM.Collect$$libinit$$00000000) refers (Special) to libinit2.o(.ARM.Collect$$libinit$$0000002E) for __rt_lib_init_alloca_1
    libinit.o(.ARM.Collect$$libinit$$00000000) refers (Special) to libinit2.o(.ARM.Collect$$libinit$$0000002C) for __rt_lib_init_argv_1
    libinit.o(.ARM.Collect$$libinit$$00000000) refers (Special) to libinit2.o(.ARM.Collect$$libinit$$0000001B) for __rt_lib_init_atexit_1
    libinit.o(.ARM.Collect$$libinit$$00000000) refers (Special) to libinit2.o(.ARM.Collect$$libinit$$00000021) for __rt_lib_init_clock_1
    libinit.o(.ARM.Collect$$libinit$$00000000) refers (Special) to libinit2.o(.ARM.Collect$$libinit$$00000032) for __rt_lib_init_cpp_1
    libinit.o(.ARM.Collect$$libinit$$00000000) refers (Special) to libinit2.o(.ARM.Collect$$libinit$$00000030) for __rt_lib_init_exceptions_1
    libinit.o(.ARM.Collect$$libinit$$00000000) refers (Special) to libinit2.o(.ARM.Collect$$libinit$$00000002) for __rt_lib_init_fp_1
    libinit.o(.ARM.Collect$$libinit$$00000000) refers (Special) to libinit2.o(.ARM.Collect$$libinit$$0000001F) for __rt_lib_init_fp_trap_1
    libinit.o(.ARM.Collect$$libinit$$00000000) refers (Special) to libinit2.o(.ARM.Collect$$libinit$$00000023) for __rt_lib_init_getenv_1
    libinit.o(.ARM.Collect$$libinit$$00000000) refers (Special) to libinit2.o(.ARM.Collect$$libinit$$0000000A) for __rt_lib_init_heap_1
    libinit.o(.ARM.Collect$$libinit$$00000000) refers (Special) to libinit2.o(.ARM.Collect$$libinit$$00000011) for __rt_lib_init_lc_collate_1
    libinit.o(.ARM.Collect$$libinit$$00000000) refers (Special) to libinit2.o(.ARM.Collect$$libinit$$00000013) for __rt_lib_init_lc_ctype_1
    libinit.o(.ARM.Collect$$libinit$$00000000) refers (Special) to libinit2.o(.ARM.Collect$$libinit$$00000015) for __rt_lib_init_lc_monetary_1
    libinit.o(.ARM.Collect$$libinit$$00000000) refers (Special) to libinit2.o(.ARM.Collect$$libinit$$00000017) for __rt_lib_init_lc_numeric_1
    libinit.o(.ARM.Collect$$libinit$$00000000) refers (Special) to libinit2.o(.ARM.Collect$$libinit$$00000019) for __rt_lib_init_lc_time_1
    libinit.o(.ARM.Collect$$libinit$$00000000) refers (Special) to libinit2.o(.ARM.Collect$$libinit$$00000004) for __rt_lib_init_preinit_1
    libinit.o(.ARM.Collect$$libinit$$00000000) refers (Special) to libinit2.o(.ARM.Collect$$libinit$$0000000E) for __rt_lib_init_rand_1
    libinit.o(.ARM.Collect$$libinit$$00000000) refers (Special) to libinit2.o(.ARM.Collect$$libinit$$00000033) for __rt_lib_init_return
    libinit.o(.ARM.Collect$$libinit$$00000000) refers (Special) to libinit2.o(.ARM.Collect$$libinit$$0000001D) for __rt_lib_init_signal_1
    libinit.o(.ARM.Collect$$libinit$$00000000) refers (Special) to libinit2.o(.ARM.Collect$$libinit$$00000025) for __rt_lib_init_stdio_1
    libinit.o(.ARM.Collect$$libinit$$00000000) refers (Special) to libinit2.o(.ARM.Collect$$libinit$$0000000C) for __rt_lib_init_user_alloc_1
    libspace.o(.text) refers to libspace.o(.bss) for __libspace_start
    rtexit.o(.ARM.Collect$$rtexit$$00000000) refers (Special) to rtexit2.o(.ARM.Collect$$rtexit$$00000004) for __rt_exit_exit
    rtexit.o(.ARM.Collect$$rtexit$$00000000) refers (Special) to rtexit2.o(.ARM.Collect$$rtexit$$00000003) for __rt_exit_ls
    rtexit.o(.ARM.Collect$$rtexit$$00000000) refers (Special) to rtexit2.o(.ARM.Collect$$rtexit$$00000002) for __rt_exit_prels_1
    rtexit.o(.ARM.exidx) refers (Special) to rtexit2.o(.ARM.Collect$$rtexit$$00000004) for __rt_exit_exit
    rtexit.o(.ARM.exidx) refers (Special) to rtexit2.o(.ARM.Collect$$rtexit$$00000003) for __rt_exit_ls
    rtexit.o(.ARM.exidx) refers (Special) to rtexit2.o(.ARM.Collect$$rtexit$$00000002) for __rt_exit_prels_1
    rtexit.o(.ARM.exidx) refers to rtexit.o(.ARM.Collect$$rtexit$$00000000) for .ARM.Collect$$rtexit$$00000000
    rt_raise.o(.text) refers to __raise.o(.text) for __raise
    rt_raise.o(.text) refers to usart1.o(.text) for _sys_exit
    defsig_exit.o(.text) refers to usart1.o(.text) for _sys_exit
    defsig_fpe_inner.o(.text) refers to defsig_general.o(.text) for __default_signal_display
    libinit2.o(.ARM.Collect$$libinit$$00000010) refers to libinit2.o(.ARM.Collect$$libinit$$0000000F) for .ARM.Collect$$libinit$$0000000F
    libinit2.o(.ARM.Collect$$libinit$$00000012) refers to libinit2.o(.ARM.Collect$$libinit$$0000000F) for .ARM.Collect$$libinit$$0000000F
    libinit2.o(.ARM.Collect$$libinit$$00000014) refers to libinit2.o(.ARM.Collect$$libinit$$0000000F) for .ARM.Collect$$libinit$$0000000F
    libinit2.o(.ARM.Collect$$libinit$$00000016) refers to libinit2.o(.ARM.Collect$$libinit$$0000000F) for .ARM.Collect$$libinit$$0000000F
    libinit2.o(.ARM.Collect$$libinit$$00000018) refers to libinit2.o(.ARM.Collect$$libinit$$0000000F) for .ARM.Collect$$libinit$$0000000F
    libinit2.o(.ARM.Collect$$libinit$$00000026) refers to argv_veneer.o(.text) for __ARM_argv_veneer
    libinit2.o(.ARM.Collect$$libinit$$00000027) refers to argv_veneer.o(.text) for __ARM_argv_veneer
    rtexit2.o(.ARM.Collect$$rtexit$$00000003) refers to libshutdown.o(.ARM.Collect$$libshutdown$$00000000) for __rt_lib_shutdown
    rtexit2.o(.ARM.Collect$$rtexit$$00000004) refers to usart1.o(.text) for _sys_exit
    rtexit2.o(.ARM.exidx) refers to rtexit2.o(.ARM.Collect$$rtexit$$00000001) for .ARM.Collect$$rtexit$$00000001
    rtexit2.o(.ARM.exidx) refers to rtexit2.o(.ARM.Collect$$rtexit$$00000003) for .ARM.Collect$$rtexit$$00000003
    rtexit2.o(.ARM.exidx) refers to rtexit2.o(.ARM.Collect$$rtexit$$00000004) for .ARM.Collect$$rtexit$$00000004
    __raise.o(.text) refers to defsig.o(CL$$defsig) for __default_signal_handler
    defsig_general.o(.text) refers to sys_wrch.o(.text) for _ttywrch
    sys_wrch.o(.text) refers (Special) to use_no_semi.o(.text) for __I$use$semihosting
    sys_wrch.o(.text) refers (Special) to indicate_semi.o(.text) for __semihosting_library_function
    defsig.o(CL$$defsig) refers to defsig_fpe_inner.o(.text) for __rt_SIGFPE_inner
    defsig.o(CL$$defsig) refers to defsig_rtmem_inner.o(.text) for __rt_SIGRTMEM_inner
    _get_argv_nomalloc.o(.text) refers (Special) to hrguard.o(.text) for __heap_region$guard
    _get_argv_nomalloc.o(.text) refers to defsig_rtmem_outer.o(.text) for __rt_SIGRTMEM
    _get_argv_nomalloc.o(.text) refers to sys_command.o(.text) for _sys_command_string
    libshutdown.o(.ARM.Collect$$libshutdown$$00000000) refers (Special) to libshutdown2.o(.ARM.Collect$$libshutdown$$00000002) for __rt_lib_shutdown_cpp_1
    libshutdown.o(.ARM.Collect$$libshutdown$$00000000) refers (Special) to libshutdown2.o(.ARM.Collect$$libshutdown$$00000007) for __rt_lib_shutdown_fp_trap_1
    libshutdown.o(.ARM.Collect$$libshutdown$$00000000) refers (Special) to libshutdown2.o(.ARM.Collect$$libshutdown$$0000000F) for __rt_lib_shutdown_heap_1
    libshutdown.o(.ARM.Collect$$libshutdown$$00000000) refers (Special) to libshutdown2.o(.ARM.Collect$$libshutdown$$00000010) for __rt_lib_shutdown_return
    libshutdown.o(.ARM.Collect$$libshutdown$$00000000) refers (Special) to libshutdown2.o(.ARM.Collect$$libshutdown$$0000000A) for __rt_lib_shutdown_signal_1
    libshutdown.o(.ARM.Collect$$libshutdown$$00000000) refers (Special) to libshutdown2.o(.ARM.Collect$$libshutdown$$00000004) for __rt_lib_shutdown_stdio_1
    libshutdown.o(.ARM.Collect$$libshutdown$$00000000) refers (Special) to libshutdown2.o(.ARM.Collect$$libshutdown$$0000000C) for __rt_lib_shutdown_user_alloc_1
    sys_command.o(.text) refers (Special) to use_no_semi.o(.text) for __I$use$semihosting
    sys_command.o(.text) refers (Special) to indicate_semi.o(.text) for __semihosting_library_function
    defsig_abrt_inner.o(.text) refers to defsig_general.o(.text) for __default_signal_display
    defsig_rtred_inner.o(.text) refers to defsig_general.o(.text) for __default_signal_display
    defsig_rtmem_inner.o(.text) refers to defsig_general.o(.text) for __default_signal_display
    defsig_rtmem_outer.o(.text) refers to defsig_rtmem_inner.o(.text) for __rt_SIGRTMEM_inner
    defsig_rtmem_outer.o(.text) refers to defsig_exit.o(.text) for __sig_exit
    defsig_rtmem_formal.o(.text) refers to rt_raise.o(.text) for __rt_raise
    defsig_stak_inner.o(.text) refers to defsig_general.o(.text) for __default_signal_display
    defsig_pvfn_inner.o(.text) refers to defsig_general.o(.text) for __default_signal_display
    defsig_cppl_inner.o(.text) refers to defsig_general.o(.text) for __default_signal_display
    defsig_segv_inner.o(.text) refers to defsig_general.o(.text) for __default_signal_display
    defsig_other.o(.text) refers to defsig_general.o(.text) for __default_signal_display


==============================================================================

Removing Unused input sections from the image.

    Removing main.o(.emb_text), (8 bytes).
    Removing stm32f0xx_it.o(.emb_text), (8 bytes).
    Removing system_stm32f0xx.o(.emb_text), (8 bytes).
    Removing led.o(.emb_text), (8 bytes).
    Removing usart1.o(.emb_text), (8 bytes).
    Removing usart1.o(.data), (4 bytes).
    Removing pwm.o(.emb_text), (8 bytes).
    Removing pwm.o(.text), (84 bytes).
    Removing 24l01.o(.emb_text), (8 bytes).
    Removing spi.o(.emb_text), (8 bytes).
    Removing delay.o(.emb_text), (8 bytes).
    Removing stm32f0xx_gpio.o(.emb_text), (8 bytes).
    Removing stm32f0xx_rcc.o(.emb_text), (8 bytes).
    Removing stm32f0xx_misc.o(.emb_text), (8 bytes).
    Removing stm32f0xx_usart.o(.emb_text), (8 bytes).
    Removing stm32f0xx_tim.o(.emb_text), (8 bytes).
    Removing stm32f0xx_tim.o(.text), (3020 bytes).
    Removing stm32f0xx_spi.o(.emb_text), (8 bytes).

18 unused section(s) (total 3228 bytes) removed from the image.

==============================================================================

Image Symbol Table

    Local Symbols

    Symbol Name                              Value     Ov Type        Size  Object(Section)

    ../clib/angel/boardlib.s                 0x00000000   Number         0  boardinit3.o ABSOLUTE
    ../clib/angel/boardlib.s                 0x00000000   Number         0  boardinit2.o ABSOLUTE
    ../clib/angel/boardlib.s                 0x00000000   Number         0  boardinit1.o ABSOLUTE
    ../clib/angel/boardlib.s                 0x00000000   Number         0  boardshut.o ABSOLUTE
    ../clib/angel/handlers.s                 0x00000000   Number         0  __scatter_copy.o ABSOLUTE
    ../clib/angel/handlers.s                 0x00000000   Number         0  __scatter_zi.o ABSOLUTE
    ../clib/angel/kernel.s                   0x00000000   Number         0  rtexit.o ABSOLUTE
    ../clib/angel/kernel.s                   0x00000000   Number         0  __rtentry.o ABSOLUTE
    ../clib/angel/kernel.s                   0x00000000   Number         0  __rtentry2.o ABSOLUTE
    ../clib/angel/kernel.s                   0x00000000   Number         0  __rtentry4.o ABSOLUTE
    ../clib/angel/kernel.s                   0x00000000   Number         0  rtexit2.o ABSOLUTE
    ../clib/angel/rt.s                       0x00000000   Number         0  rt_raise.o ABSOLUTE
    ../clib/angel/rt.s                       0x00000000   Number         0  rt_div0.o ABSOLUTE
    ../clib/angel/rt.s                       0x00000000   Number         0  aeabi_idiv0.o ABSOLUTE
    ../clib/angel/rt.s                       0x00000000   Number         0  aeabi_idiv0_sigfpe.o ABSOLUTE
    ../clib/angel/scatterp.s                 0x00000000   Number         0  __scatter.o ABSOLUTE
    ../clib/angel/startup.s                  0x00000000   Number         0  __main.o ABSOLUTE
    ../clib/angel/sys.s                      0x00000000   Number         0  use_no_semi_2.o ABSOLUTE
    ../clib/angel/sys.s                      0x00000000   Number         0  tempstk.o ABSOLUTE
    ../clib/angel/sys.s                      0x00000000   Number         0  libspace.o ABSOLUTE
    ../clib/angel/sys.s                      0x00000000   Number         0  use_no_semi.o ABSOLUTE
    ../clib/angel/sys.s                      0x00000000   Number         0  indicate_semi.o ABSOLUTE
    ../clib/angel/sys.s                      0x00000000   Number         0  sys_stackheap_outer.o ABSOLUTE
    ../clib/angel/sysapp.c                   0x00000000   Number         0  sys_command.o ABSOLUTE
    ../clib/angel/sysapp.c                   0x00000000   Number         0  sys_wrch.o ABSOLUTE
    ../clib/armsys.c                         0x00000000   Number         0  _get_argv_nomalloc.o ABSOLUTE
    ../clib/armsys.c                         0x00000000   Number         0  no_argv.o ABSOLUTE
    ../clib/armsys.c                         0x00000000   Number         0  argv_veneer.o ABSOLUTE
    ../clib/division.s                       0x00000000   Number         0  aeabi_sdiv_div0.o ABSOLUTE
    ../clib/division.s                       0x00000000   Number         0  aeabi_sdiv.o ABSOLUTE
    ../clib/heapalloc.c                      0x00000000   Number         0  hrguard.o ABSOLUTE
    ../clib/heapaux.c                        0x00000000   Number         0  heapauxi.o ABSOLUTE
    ../clib/libinit.s                        0x00000000   Number         0  libinit.o ABSOLUTE
    ../clib/libinit.s                        0x00000000   Number         0  libshutdown.o ABSOLUTE
    ../clib/libinit.s                        0x00000000   Number         0  libshutdown2.o ABSOLUTE
    ../clib/libinit.s                        0x00000000   Number         0  libinit2.o ABSOLUTE
    ../clib/signal.c                         0x00000000   Number         0  defsig_cppl_inner.o ABSOLUTE
    ../clib/signal.c                         0x00000000   Number         0  defsig_stak_inner.o ABSOLUTE
    ../clib/signal.c                         0x00000000   Number         0  defsig_rtmem_formal.o ABSOLUTE
    ../clib/signal.c                         0x00000000   Number         0  defsig_rtmem_outer.o ABSOLUTE
    ../clib/signal.c                         0x00000000   Number         0  defsig_rtred_inner.o ABSOLUTE
    ../clib/signal.c                         0x00000000   Number         0  defsig_abrt_inner.o ABSOLUTE
    ../clib/signal.c                         0x00000000   Number         0  defsig_fpe_outer.o ABSOLUTE
    ../clib/signal.c                         0x00000000   Number         0  defsig_fpe_formal.o ABSOLUTE
    ../clib/signal.c                         0x00000000   Number         0  defsig_pvfn_inner.o ABSOLUTE
    ../clib/signal.c                         0x00000000   Number         0  defsig_general.o ABSOLUTE
    ../clib/signal.c                         0x00000000   Number         0  __raise.o ABSOLUTE
    ../clib/signal.c                         0x00000000   Number         0  defsig_other.o ABSOLUTE
    ../clib/signal.c                         0x00000000   Number         0  defsig_rtmem_inner.o ABSOLUTE
    ../clib/signal.c                         0x00000000   Number         0  defsig_segv_inner.o ABSOLUTE
    ../clib/signal.c                         0x00000000   Number         0  defsig_fpe_inner.o ABSOLUTE
    ../clib/signal.c                         0x00000000   Number         0  defsig_exit.o ABSOLUTE
    ../clib/signal.s                         0x00000000   Number         0  defsig.o ABSOLUTE
    ../clib/stdlib.c                         0x00000000   Number         0  exit.o ABSOLUTE
    ../fplib/cfplib/fpinit.c                 0x00000000   Number         0  fpinit.o ABSOLUTE
    ..\CORE\startup_stm32f0xx.s              0x00000000   Number         0  startup_stm32f0xx.o ABSOLUTE
    ..\HARDWARE\24l01.c                      0x00000000   Number         0  24l01.o ABSOLUTE
    ..\HARDWARE\PWM.c                        0x00000000   Number         0  pwm.o ABSOLUTE
    ..\HARDWARE\USART1.c                     0x00000000   Number         0  usart1.o ABSOLUTE
    ..\HARDWARE\led.c                        0x00000000   Number         0  led.o ABSOLUTE
    ..\HARDWARE\spi.c                        0x00000000   Number         0  spi.o ABSOLUTE
    ..\STM32F03x_FWLib\src\stm32f0xx_gpio.c  0x00000000   Number         0  stm32f0xx_gpio.o ABSOLUTE
    ..\STM32F03x_FWLib\src\stm32f0xx_misc.c  0x00000000   Number         0  stm32f0xx_misc.o ABSOLUTE
    ..\STM32F03x_FWLib\src\stm32f0xx_rcc.c   0x00000000   Number         0  stm32f0xx_rcc.o ABSOLUTE
    ..\STM32F03x_FWLib\src\stm32f0xx_spi.c   0x00000000   Number         0  stm32f0xx_spi.o ABSOLUTE
    ..\STM32F03x_FWLib\src\stm32f0xx_tim.c   0x00000000   Number         0  stm32f0xx_tim.o ABSOLUTE
    ..\STM32F03x_FWLib\src\stm32f0xx_usart.c 0x00000000   Number         0  stm32f0xx_usart.o ABSOLUTE
    ..\SYSTEM\delay.c                        0x00000000   Number         0  delay.o ABSOLUTE
    ..\\HARDWARE\\24l01.c                    0x00000000   Number         0  24l01.o ABSOLUTE
    ..\\HARDWARE\\PWM.c                      0x00000000   Number         0  pwm.o ABSOLUTE
    ..\\HARDWARE\\USART1.c                   0x00000000   Number         0  usart1.o ABSOLUTE
    ..\\HARDWARE\\led.c                      0x00000000   Number         0  led.o ABSOLUTE
    ..\\HARDWARE\\spi.c                      0x00000000   Number         0  spi.o ABSOLUTE
    ..\\STM32F03x_FWLib\\src\\stm32f0xx_gpio.c 0x00000000   Number         0  stm32f0xx_gpio.o ABSOLUTE
    ..\\STM32F03x_FWLib\\src\\stm32f0xx_misc.c 0x00000000   Number         0  stm32f0xx_misc.o ABSOLUTE
    ..\\STM32F03x_FWLib\\src\\stm32f0xx_rcc.c 0x00000000   Number         0  stm32f0xx_rcc.o ABSOLUTE
    ..\\STM32F03x_FWLib\\src\\stm32f0xx_spi.c 0x00000000   Number         0  stm32f0xx_spi.o ABSOLUTE
    ..\\STM32F03x_FWLib\\src\\stm32f0xx_tim.c 0x00000000   Number         0  stm32f0xx_tim.o ABSOLUTE
    ..\\STM32F03x_FWLib\\src\\stm32f0xx_usart.c 0x00000000   Number         0  stm32f0xx_usart.o ABSOLUTE
    ..\\SYSTEM\\delay.c                      0x00000000   Number         0  delay.o ABSOLUTE
    dc.s                                     0x00000000   Number         0  dc.o ABSOLUTE
    main.c                                   0x00000000   Number         0  main.o ABSOLUTE
    main.c                                   0x00000000   Number         0  main.o ABSOLUTE
    stm32f0xx_it.c                           0x00000000   Number         0  stm32f0xx_it.o ABSOLUTE
    stm32f0xx_it.c                           0x00000000   Number         0  stm32f0xx_it.o ABSOLUTE
    system_stm32f0xx.c                       0x00000000   Number         0  system_stm32f0xx.o ABSOLUTE
    system_stm32f0xx.c                       0x00000000   Number         0  system_stm32f0xx.o ABSOLUTE
    RESET                                    0x08000000   Section      192  startup_stm32f0xx.o(RESET)
    !!!main                                  0x080000c0   Section        8  __main.o(!!!main)
    !!!scatter                               0x080000c8   Section       60  __scatter.o(!!!scatter)
    !!handler_copy                           0x08000104   Section       26  __scatter_copy.o(!!handler_copy)
    !!handler_zi                             0x08000120   Section       28  __scatter_zi.o(!!handler_zi)
    .ARM.Collect$$libinit$$00000000          0x0800013c   Section        2  libinit.o(.ARM.Collect$$libinit$$00000000)
    .ARM.Collect$$libinit$$00000002          0x0800013e   Section        0  libinit2.o(.ARM.Collect$$libinit$$00000002)
    .ARM.Collect$$libinit$$00000004          0x0800013e   Section        0  libinit2.o(.ARM.Collect$$libinit$$00000004)
    .ARM.Collect$$libinit$$0000000A          0x0800013e   Section        0  libinit2.o(.ARM.Collect$$libinit$$0000000A)
    .ARM.Collect$$libinit$$0000000C          0x0800013e   Section        0  libinit2.o(.ARM.Collect$$libinit$$0000000C)
    .ARM.Collect$$libinit$$0000000E          0x0800013e   Section        0  libinit2.o(.ARM.Collect$$libinit$$0000000E)
    .ARM.Collect$$libinit$$00000011          0x0800013e   Section        0  libinit2.o(.ARM.Collect$$libinit$$00000011)
    .ARM.Collect$$libinit$$00000013          0x0800013e   Section        0  libinit2.o(.ARM.Collect$$libinit$$00000013)
    .ARM.Collect$$libinit$$00000015          0x0800013e   Section        0  libinit2.o(.ARM.Collect$$libinit$$00000015)
    .ARM.Collect$$libinit$$00000017          0x0800013e   Section        0  libinit2.o(.ARM.Collect$$libinit$$00000017)
    .ARM.Collect$$libinit$$00000019          0x0800013e   Section        0  libinit2.o(.ARM.Collect$$libinit$$00000019)
    .ARM.Collect$$libinit$$0000001B          0x0800013e   Section        0  libinit2.o(.ARM.Collect$$libinit$$0000001B)
    .ARM.Collect$$libinit$$0000001D          0x0800013e   Section        0  libinit2.o(.ARM.Collect$$libinit$$0000001D)
    .ARM.Collect$$libinit$$0000001F          0x0800013e   Section        0  libinit2.o(.ARM.Collect$$libinit$$0000001F)
    .ARM.Collect$$libinit$$00000021          0x0800013e   Section        0  libinit2.o(.ARM.Collect$$libinit$$00000021)
    .ARM.Collect$$libinit$$00000023          0x0800013e   Section        0  libinit2.o(.ARM.Collect$$libinit$$00000023)
    .ARM.Collect$$libinit$$00000025          0x0800013e   Section        0  libinit2.o(.ARM.Collect$$libinit$$00000025)
    .ARM.Collect$$libinit$$0000002C          0x0800013e   Section        0  libinit2.o(.ARM.Collect$$libinit$$0000002C)
    .ARM.Collect$$libinit$$0000002E          0x0800013e   Section        0  libinit2.o(.ARM.Collect$$libinit$$0000002E)
    .ARM.Collect$$libinit$$00000030          0x0800013e   Section        0  libinit2.o(.ARM.Collect$$libinit$$00000030)
    .ARM.Collect$$libinit$$00000032          0x0800013e   Section        0  libinit2.o(.ARM.Collect$$libinit$$00000032)
    .ARM.Collect$$libinit$$00000033          0x0800013e   Section        2  libinit2.o(.ARM.Collect$$libinit$$00000033)
    .ARM.Collect$$libshutdown$$00000000      0x08000140   Section        2  libshutdown.o(.ARM.Collect$$libshutdown$$00000000)
    .ARM.Collect$$libshutdown$$00000002      0x08000142   Section        0  libshutdown2.o(.ARM.Collect$$libshutdown$$00000002)
    .ARM.Collect$$libshutdown$$00000004      0x08000142   Section        0  libshutdown2.o(.ARM.Collect$$libshutdown$$00000004)
    .ARM.Collect$$libshutdown$$00000007      0x08000142   Section        0  libshutdown2.o(.ARM.Collect$$libshutdown$$00000007)
    .ARM.Collect$$libshutdown$$0000000A      0x08000142   Section        0  libshutdown2.o(.ARM.Collect$$libshutdown$$0000000A)
    .ARM.Collect$$libshutdown$$0000000C      0x08000142   Section        0  libshutdown2.o(.ARM.Collect$$libshutdown$$0000000C)
    .ARM.Collect$$libshutdown$$0000000F      0x08000142   Section        0  libshutdown2.o(.ARM.Collect$$libshutdown$$0000000F)
    .ARM.Collect$$libshutdown$$00000010      0x08000142   Section        2  libshutdown2.o(.ARM.Collect$$libshutdown$$00000010)
    .ARM.Collect$$rtentry$$00000000          0x08000144   Section        0  __rtentry.o(.ARM.Collect$$rtentry$$00000000)
    .ARM.Collect$$rtentry$$00000002          0x08000144   Section        0  __rtentry2.o(.ARM.Collect$$rtentry$$00000002)
    .ARM.Collect$$rtentry$$00000004          0x08000144   Section        6  __rtentry4.o(.ARM.Collect$$rtentry$$00000004)
    .ARM.Collect$$rtentry$$00000009          0x0800014a   Section        0  __rtentry2.o(.ARM.Collect$$rtentry$$00000009)
    .ARM.Collect$$rtentry$$0000000A          0x0800014a   Section        4  __rtentry2.o(.ARM.Collect$$rtentry$$0000000A)
    .ARM.Collect$$rtentry$$0000000C          0x0800014e   Section        0  __rtentry2.o(.ARM.Collect$$rtentry$$0000000C)
    .ARM.Collect$$rtentry$$0000000D          0x0800014e   Section        8  __rtentry2.o(.ARM.Collect$$rtentry$$0000000D)
    .ARM.Collect$$rtexit$$00000000           0x08000156   Section        2  rtexit.o(.ARM.Collect$$rtexit$$00000000)
    .ARM.Collect$$rtexit$$00000002           0x08000158   Section        0  rtexit2.o(.ARM.Collect$$rtexit$$00000002)
    .ARM.Collect$$rtexit$$00000003           0x08000158   Section        4  rtexit2.o(.ARM.Collect$$rtexit$$00000003)
    .ARM.Collect$$rtexit$$00000004           0x0800015c   Section        6  rtexit2.o(.ARM.Collect$$rtexit$$00000004)
    .text                                    0x08000164   Section        0  main.o(.text)
    .text                                    0x08000250   Section        0  stm32f0xx_it.o(.text)
    .text                                    0x0800025c   Section        0  system_stm32f0xx.o(.text)
    SetSysClock                              0x0800025d   Thumb Code   206  system_stm32f0xx.o(.text)
    .text                                    0x08000454   Section       56  startup_stm32f0xx.o(.text)
    .text                                    0x0800048c   Section        0  led.o(.text)
    .text                                    0x080004c4   Section        0  usart1.o(.text)
    .text                                    0x080005a4   Section        0  24l01.o(.text)
    .text                                    0x080008cc   Section        0  spi.o(.text)
    .text                                    0x080009f4   Section        0  delay.o(.text)
    .text                                    0x08000ac8   Section        0  stm32f0xx_gpio.o(.text)
    .text                                    0x08000cb8   Section        0  stm32f0xx_rcc.o(.text)
    .text                                    0x080012b0   Section        0  stm32f0xx_misc.o(.text)
    .text                                    0x08001364   Section        0  stm32f0xx_usart.o(.text)
    .text                                    0x080018d8   Section        0  stm32f0xx_spi.o(.text)
    .text                                    0x08001c94   Section        2  use_no_semi_2.o(.text)
    .text                                    0x08001c96   Section      346  aeabi_sdiv.o(.text)
    .text                                    0x08001df0   Section        0  heapauxi.o(.text)
    .text                                    0x08001df6   Section        2  use_no_semi.o(.text)
    .text                                    0x08001df8   Section       62  sys_stackheap_outer.o(.text)
    .text                                    0x08001e36   Section        0  exit.o(.text)
    .text                                    0x08001e48   Section        8  libspace.o(.text)
    .constdata                               0x08001e50   Section       10  24l01.o(.constdata)
    .data                                    0x20000000   Section       17  main.o(.data)
    .data                                    0x20000014   Section       20  system_stm32f0xx.o(.data)
    .data                                    0x20000028   Section        4  delay.o(.data)
    fac_us                                   0x20000028   Data           1  delay.o(.data)
    fac_ms                                   0x2000002a   Data           2  delay.o(.data)
    .data                                    0x2000002c   Section       16  stm32f0xx_rcc.o(.data)
    APBAHBPrescTable                         0x2000002c   Data          16  stm32f0xx_rcc.o(.data)
    .bss                                     0x2000003c   Section       96  libspace.o(.bss)
    HEAP                                     0x200000a0   Section      512  startup_stm32f0xx.o(HEAP)
    Heap_Mem                                 0x200000a0   Data         512  startup_stm32f0xx.o(HEAP)
    STACK                                    0x200002a0   Section     1024  startup_stm32f0xx.o(STACK)
    Stack_Mem                                0x200002a0   Data        1024  startup_stm32f0xx.o(STACK)
    __initial_sp                             0x200006a0   Data           0  startup_stm32f0xx.o(STACK)

    Global Symbols

    Symbol Name                              Value     Ov Type        Size  Object(Section)

    BuildAttributes$$THM_ISAv3M$S$PE$A:L22$X:L11$S22$IEEE1$IW$USESV6$~STKCKD$USESV7$~SHL$OSPACE$ROPI$EBA8$UX$STANDARDLIB$REQ8$PRES8$EABIv2 0x00000000   Number         0  anon$$obj.o ABSOLUTE
    __ARM_use_no_argv                        0x00000000   Number         0  main.o ABSOLUTE
    __ARM_exceptions_init                     - Undefined Weak Reference
    __alloca_initialize                       - Undefined Weak Reference
    __arm_preinit_                            - Undefined Weak Reference
    __cpp_initialize__aeabi_                  - Undefined Weak Reference
    __cxa_finalize                            - Undefined Weak Reference
    __rt_locale                               - Undefined Weak Reference
    __sigvec_lookup                           - Undefined Weak Reference
    _atexit_init                              - Undefined Weak Reference
    _call_atexit_fns                          - Undefined Weak Reference
    _clock_init                               - Undefined Weak Reference
    _fp_trap_init                             - Undefined Weak Reference
    _fp_trap_shutdown                         - Undefined Weak Reference
    _get_lc_collate                           - Undefined Weak Reference
    _get_lc_ctype                             - Undefined Weak Reference
    _get_lc_monetary                          - Undefined Weak Reference
    _get_lc_numeric                           - Undefined Weak Reference
    _get_lc_time                              - Undefined Weak Reference
    _getenv_init                              - Undefined Weak Reference
    _handle_redirection                       - Undefined Weak Reference
    _init_alloc                               - Undefined Weak Reference
    _init_user_alloc                          - Undefined Weak Reference
    _initio                                   - Undefined Weak Reference
    _rand_init                                - Undefined Weak Reference
    _signal_finish                            - Undefined Weak Reference
    _signal_init                              - Undefined Weak Reference
    _terminate_alloc                          - Undefined Weak Reference
    _terminate_user_alloc                     - Undefined Weak Reference
    _terminateio                              - Undefined Weak Reference
    __Vectors_Size                           0x000000c0   Number         0  startup_stm32f0xx.o ABSOLUTE
    __Vectors                                0x08000000   Data           4  startup_stm32f0xx.o(RESET)
    __Vectors_End                            0x080000c0   Data           0  startup_stm32f0xx.o(RESET)
    __main                                   0x080000c1   Thumb Code     8  __main.o(!!!main)
    __scatterload                            0x080000c9   Thumb Code     0  __scatter.o(!!!scatter)
    __scatterload_rt2                        0x080000c9   Thumb Code    52  __scatter.o(!!!scatter)
    __scatterload_rt2_thumb_only             0x080000c9   Thumb Code     0  __scatter.o(!!!scatter)
    __scatterload_null                       0x080000d9   Thumb Code     0  __scatter.o(!!!scatter)
    __scatterload_copy                       0x08000105   Thumb Code    26  __scatter_copy.o(!!handler_copy)
    __scatterload_zeroinit                   0x08000121   Thumb Code    28  __scatter_zi.o(!!handler_zi)
    __rt_lib_init                            0x0800013d   Thumb Code     0  libinit.o(.ARM.Collect$$libinit$$00000000)
    __rt_lib_init_alloca_1                   0x0800013f   Thumb Code     0  libinit2.o(.ARM.Collect$$libinit$$0000002E)
    __rt_lib_init_argv_1                     0x0800013f   Thumb Code     0  libinit2.o(.ARM.Collect$$libinit$$0000002C)
    __rt_lib_init_atexit_1                   0x0800013f   Thumb Code     0  libinit2.o(.ARM.Collect$$libinit$$0000001B)
    __rt_lib_init_clock_1                    0x0800013f   Thumb Code     0  libinit2.o(.ARM.Collect$$libinit$$00000021)
    __rt_lib_init_cpp_1                      0x0800013f   Thumb Code     0  libinit2.o(.ARM.Collect$$libinit$$00000032)
    __rt_lib_init_exceptions_1               0x0800013f   Thumb Code     0  libinit2.o(.ARM.Collect$$libinit$$00000030)
    __rt_lib_init_fp_1                       0x0800013f   Thumb Code     0  libinit2.o(.ARM.Collect$$libinit$$00000002)
    __rt_lib_init_fp_trap_1                  0x0800013f   Thumb Code     0  libinit2.o(.ARM.Collect$$libinit$$0000001F)
    __rt_lib_init_getenv_1                   0x0800013f   Thumb Code     0  libinit2.o(.ARM.Collect$$libinit$$00000023)
    __rt_lib_init_heap_1                     0x0800013f   Thumb Code     0  libinit2.o(.ARM.Collect$$libinit$$0000000A)
    __rt_lib_init_lc_collate_1               0x0800013f   Thumb Code     0  libinit2.o(.ARM.Collect$$libinit$$00000011)
    __rt_lib_init_lc_ctype_1                 0x0800013f   Thumb Code     0  libinit2.o(.ARM.Collect$$libinit$$00000013)
    __rt_lib_init_lc_monetary_1              0x0800013f   Thumb Code     0  libinit2.o(.ARM.Collect$$libinit$$00000015)
    __rt_lib_init_lc_numeric_1               0x0800013f   Thumb Code     0  libinit2.o(.ARM.Collect$$libinit$$00000017)
    __rt_lib_init_lc_time_1                  0x0800013f   Thumb Code     0  libinit2.o(.ARM.Collect$$libinit$$00000019)
    __rt_lib_init_preinit_1                  0x0800013f   Thumb Code     0  libinit2.o(.ARM.Collect$$libinit$$00000004)
    __rt_lib_init_rand_1                     0x0800013f   Thumb Code     0  libinit2.o(.ARM.Collect$$libinit$$0000000E)
    __rt_lib_init_return                     0x0800013f   Thumb Code     0  libinit2.o(.ARM.Collect$$libinit$$00000033)
    __rt_lib_init_signal_1                   0x0800013f   Thumb Code     0  libinit2.o(.ARM.Collect$$libinit$$0000001D)
    __rt_lib_init_stdio_1                    0x0800013f   Thumb Code     0  libinit2.o(.ARM.Collect$$libinit$$00000025)
    __rt_lib_init_user_alloc_1               0x0800013f   Thumb Code     0  libinit2.o(.ARM.Collect$$libinit$$0000000C)
    __rt_lib_shutdown                        0x08000141   Thumb Code     0  libshutdown.o(.ARM.Collect$$libshutdown$$00000000)
    __rt_lib_shutdown_cpp_1                  0x08000143   Thumb Code     0  libshutdown2.o(.ARM.Collect$$libshutdown$$00000002)
    __rt_lib_shutdown_fp_trap_1              0x08000143   Thumb Code     0  libshutdown2.o(.ARM.Collect$$libshutdown$$00000007)
    __rt_lib_shutdown_heap_1                 0x08000143   Thumb Code     0  libshutdown2.o(.ARM.Collect$$libshutdown$$0000000F)
    __rt_lib_shutdown_return                 0x08000143   Thumb Code     0  libshutdown2.o(.ARM.Collect$$libshutdown$$00000010)
    __rt_lib_shutdown_signal_1               0x08000143   Thumb Code     0  libshutdown2.o(.ARM.Collect$$libshutdown$$0000000A)
    __rt_lib_shutdown_stdio_1                0x08000143   Thumb Code     0  libshutdown2.o(.ARM.Collect$$libshutdown$$00000004)
    __rt_lib_shutdown_user_alloc_1           0x08000143   Thumb Code     0  libshutdown2.o(.ARM.Collect$$libshutdown$$0000000C)
    __rt_entry                               0x08000145   Thumb Code     0  __rtentry.o(.ARM.Collect$$rtentry$$00000000)
    __rt_entry_presh_1                       0x08000145   Thumb Code     0  __rtentry2.o(.ARM.Collect$$rtentry$$00000002)
    __rt_entry_sh                            0x08000145   Thumb Code     0  __rtentry4.o(.ARM.Collect$$rtentry$$00000004)
    __rt_entry_li                            0x0800014b   Thumb Code     0  __rtentry2.o(.ARM.Collect$$rtentry$$0000000A)
    __rt_entry_postsh_1                      0x0800014b   Thumb Code     0  __rtentry2.o(.ARM.Collect$$rtentry$$00000009)
    __rt_entry_main                          0x0800014f   Thumb Code     0  __rtentry2.o(.ARM.Collect$$rtentry$$0000000D)
    __rt_entry_postli_1                      0x0800014f   Thumb Code     0  __rtentry2.o(.ARM.Collect$$rtentry$$0000000C)
    __rt_exit                                0x08000157   Thumb Code     0  rtexit.o(.ARM.Collect$$rtexit$$00000000)
    __rt_exit_ls                             0x08000159   Thumb Code     0  rtexit2.o(.ARM.Collect$$rtexit$$00000003)
    __rt_exit_prels_1                        0x08000159   Thumb Code     0  rtexit2.o(.ARM.Collect$$rtexit$$00000002)
    __rt_exit_exit                           0x0800015d   Thumb Code     0  rtexit2.o(.ARM.Collect$$rtexit$$00000004)
    main                                     0x08000165   Thumb Code   210  main.o(.text)
    NMI_Handler                              0x08000251   Thumb Code     2  stm32f0xx_it.o(.text)
    HardFault_Handler                        0x08000253   Thumb Code     4  stm32f0xx_it.o(.text)
    SVC_Handler                              0x08000257   Thumb Code     2  stm32f0xx_it.o(.text)
    PendSV_Handler                           0x08000259   Thumb Code     2  stm32f0xx_it.o(.text)
    SysTick_Handler                          0x0800025b   Thumb Code     2  stm32f0xx_it.o(.text)
    SystemInit                               0x0800032b   Thumb Code   110  system_stm32f0xx.o(.text)
    SystemCoreClockUpdate                    0x08000399   Thumb Code   154  system_stm32f0xx.o(.text)
    Reset_Handler                            0x08000455   Thumb Code     8  startup_stm32f0xx.o(.text)
    ADC1_COMP_IRQHandler                     0x08000467   Thumb Code     0  startup_stm32f0xx.o(.text)
    CEC_IRQHandler                           0x08000467   Thumb Code     0  startup_stm32f0xx.o(.text)
    DMA1_Channel1_IRQHandler                 0x08000467   Thumb Code     0  startup_stm32f0xx.o(.text)
    DMA1_Channel2_3_IRQHandler               0x08000467   Thumb Code     0  startup_stm32f0xx.o(.text)
    DMA1_Channel4_5_IRQHandler               0x08000467   Thumb Code     0  startup_stm32f0xx.o(.text)
    EXTI0_1_IRQHandler                       0x08000467   Thumb Code     0  startup_stm32f0xx.o(.text)
    EXTI2_3_IRQHandler                       0x08000467   Thumb Code     0  startup_stm32f0xx.o(.text)
    EXTI4_15_IRQHandler                      0x08000467   Thumb Code     0  startup_stm32f0xx.o(.text)
    FLASH_IRQHandler                         0x08000467   Thumb Code     0  startup_stm32f0xx.o(.text)
    I2C1_IRQHandler                          0x08000467   Thumb Code     0  startup_stm32f0xx.o(.text)
    I2C2_IRQHandler                          0x08000467   Thumb Code     0  startup_stm32f0xx.o(.text)
    PVD_IRQHandler                           0x08000467   Thumb Code     0  startup_stm32f0xx.o(.text)
    RCC_IRQHandler                           0x08000467   Thumb Code     0  startup_stm32f0xx.o(.text)
    RTC_IRQHandler                           0x08000467   Thumb Code     0  startup_stm32f0xx.o(.text)
    SPI1_IRQHandler                          0x08000467   Thumb Code     0  startup_stm32f0xx.o(.text)
    SPI2_IRQHandler                          0x08000467   Thumb Code     0  startup_stm32f0xx.o(.text)
    TIM14_IRQHandler                         0x08000467   Thumb Code     0  startup_stm32f0xx.o(.text)
    TIM15_IRQHandler                         0x08000467   Thumb Code     0  startup_stm32f0xx.o(.text)
    TIM16_IRQHandler                         0x08000467   Thumb Code     0  startup_stm32f0xx.o(.text)
    TIM17_IRQHandler                         0x08000467   Thumb Code     0  startup_stm32f0xx.o(.text)
    TIM1_BRK_UP_TRG_COM_IRQHandler           0x08000467   Thumb Code     0  startup_stm32f0xx.o(.text)
    TIM1_CC_IRQHandler                       0x08000467   Thumb Code     0  startup_stm32f0xx.o(.text)
    TIM2_IRQHandler                          0x08000467   Thumb Code     0  startup_stm32f0xx.o(.text)
    TIM3_IRQHandler                          0x08000467   Thumb Code     0  startup_stm32f0xx.o(.text)
    TIM6_DAC_IRQHandler                      0x08000467   Thumb Code     0  startup_stm32f0xx.o(.text)
    TS_IRQHandler                            0x08000467   Thumb Code     0  startup_stm32f0xx.o(.text)
    USART2_IRQHandler                        0x08000467   Thumb Code     0  startup_stm32f0xx.o(.text)
    WWDG_IRQHandler                          0x08000467   Thumb Code     0  startup_stm32f0xx.o(.text)
    __user_initial_stackheap                 0x08000469   Thumb Code     0  startup_stm32f0xx.o(.text)
    LED_Init                                 0x0800048d   Thumb Code    54  led.o(.text)
    _sys_exit                                0x080004c5   Thumb Code     4  usart1.o(.text)
    fputc                                    0x080004c9   Thumb Code    22  usart1.o(.text)
    USART1_Init                              0x080004df   Thumb Code   144  usart1.o(.text)
    USART1_IRQHandler                        0x0800056f   Thumb Code    46  usart1.o(.text)
    NRF24L01_SPI_Init                        0x080005a5   Thumb Code    84  24l01.o(.text)
    NRF24L01_Init                            0x080005f9   Thumb Code    62  24l01.o(.text)
    NRF24L01_Read_Buf                        0x08000637   Thumb Code    62  24l01.o(.text)
    NRF24L01_Write_Buf                       0x08000675   Thumb Code    68  24l01.o(.text)
    NRF24L01_Check                           0x080006b9   Thumb Code    86  24l01.o(.text)
    NRF24L01_Write_Reg                       0x0800070f   Thumb Code    52  24l01.o(.text)
    NRF24L01_Read_Reg                        0x08000743   Thumb Code    44  24l01.o(.text)
    NRF24L01_TxPacket                        0x0800076f   Thumb Code    92  24l01.o(.text)
    NRF24L01_RxPacket                        0x080007cb   Thumb Code    60  24l01.o(.text)
    NRF24L01_RX_Mode                         0x08000807   Thumb Code    76  24l01.o(.text)
    NRF24L01_TX_Mode                         0x08000853   Thumb Code    92  24l01.o(.text)
    SPI1_ReadWriteByte                       0x080008cd   Thumb Code    48  spi.o(.text)
    SPI1_Init                                0x080008fd   Thumb Code   202  spi.o(.text)
    SPI1_SetSpeed                            0x080009c7   Thumb Code    34  spi.o(.text)
    delay_init                               0x080009f5   Thumb Code    44  delay.o(.text)
    delay_us                                 0x08000a21   Thumb Code    74  delay.o(.text)
    delay_ms                                 0x08000a6b   Thumb Code    74  delay.o(.text)
    GPIO_DeInit                              0x08000ac9   Thumb Code   132  stm32f0xx_gpio.o(.text)
    GPIO_Init                                0x08000b4d   Thumb Code   144  stm32f0xx_gpio.o(.text)
    GPIO_StructInit                          0x08000bdd   Thumb Code    20  stm32f0xx_gpio.o(.text)
    GPIO_PinLockConfig                       0x08000bf1   Thumb Code    34  stm32f0xx_gpio.o(.text)
    GPIO_ReadInputDataBit                    0x08000c13   Thumb Code    20  stm32f0xx_gpio.o(.text)
    GPIO_ReadInputData                       0x08000c27   Thumb Code     6  stm32f0xx_gpio.o(.text)
    GPIO_ReadOutputDataBit                   0x08000c2d   Thumb Code    20  stm32f0xx_gpio.o(.text)
    GPIO_ReadOutputData                      0x08000c41   Thumb Code     6  stm32f0xx_gpio.o(.text)
    GPIO_SetBits                             0x08000c47   Thumb Code     4  stm32f0xx_gpio.o(.text)
    GPIO_ResetBits                           0x08000c4b   Thumb Code     4  stm32f0xx_gpio.o(.text)
    GPIO_WriteBit                            0x08000c4f   Thumb Code    12  stm32f0xx_gpio.o(.text)
    GPIO_Write                               0x08000c5b   Thumb Code     4  stm32f0xx_gpio.o(.text)
    GPIO_PinAFConfig                         0x08000c5f   Thumb Code    68  stm32f0xx_gpio.o(.text)
    RCC_DeInit                               0x08000cb9   Thumb Code   104  stm32f0xx_rcc.o(.text)
    RCC_HSEConfig                            0x08000d21   Thumb Code    12  stm32f0xx_rcc.o(.text)
    RCC_GetFlagStatus                        0x08000d2d   Thumb Code    68  stm32f0xx_rcc.o(.text)
    RCC_WaitForHSEStartUp                    0x08000d71   Thumb Code    60  stm32f0xx_rcc.o(.text)
    RCC_AdjustHSICalibrationValue            0x08000dad   Thumb Code    26  stm32f0xx_rcc.o(.text)
    RCC_HSICmd                               0x08000dc7   Thumb Code    32  stm32f0xx_rcc.o(.text)
    RCC_AdjustHSI14CalibrationValue          0x08000de7   Thumb Code    26  stm32f0xx_rcc.o(.text)
    RCC_HSI14Cmd                             0x08000e01   Thumb Code    32  stm32f0xx_rcc.o(.text)
    RCC_HSI14ADCRequestCmd                   0x08000e21   Thumb Code    32  stm32f0xx_rcc.o(.text)
    RCC_LSEConfig                            0x08000e41   Thumb Code    34  stm32f0xx_rcc.o(.text)
    RCC_LSEDriveConfig                       0x08000e63   Thumb Code    22  stm32f0xx_rcc.o(.text)
    RCC_LSICmd                               0x08000e79   Thumb Code    32  stm32f0xx_rcc.o(.text)
    RCC_PLLConfig                            0x08000e99   Thumb Code    30  stm32f0xx_rcc.o(.text)
    RCC_PLLCmd                               0x08000eb7   Thumb Code    36  stm32f0xx_rcc.o(.text)
    RCC_PREDIV1Config                        0x08000edb   Thumb Code    24  stm32f0xx_rcc.o(.text)
    RCC_ClockSecuritySystemCmd               0x08000ef3   Thumb Code    36  stm32f0xx_rcc.o(.text)
    RCC_MCOConfig                            0x08000f17   Thumb Code     6  stm32f0xx_rcc.o(.text)
    RCC_SYSCLKConfig                         0x08000f1d   Thumb Code    24  stm32f0xx_rcc.o(.text)
    RCC_GetSYSCLKSource                      0x08000f35   Thumb Code    10  stm32f0xx_rcc.o(.text)
    RCC_HCLKConfig                           0x08000f3f   Thumb Code    28  stm32f0xx_rcc.o(.text)
    RCC_PCLKConfig                           0x08000f5b   Thumb Code    30  stm32f0xx_rcc.o(.text)
    RCC_ADCCLKConfig                         0x08000f79   Thumb Code    52  stm32f0xx_rcc.o(.text)
    RCC_CECCLKConfig                         0x08000fad   Thumb Code    22  stm32f0xx_rcc.o(.text)
    RCC_I2CCLKConfig                         0x08000fc3   Thumb Code    22  stm32f0xx_rcc.o(.text)
    RCC_USARTCLKConfig                       0x08000fd9   Thumb Code    22  stm32f0xx_rcc.o(.text)
    RCC_GetClocksFreq                        0x08000fef   Thumb Code   368  stm32f0xx_rcc.o(.text)
    RCC_RTCCLKConfig                         0x0800115f   Thumb Code    12  stm32f0xx_rcc.o(.text)
    RCC_RTCCLKCmd                            0x0800116b   Thumb Code    36  stm32f0xx_rcc.o(.text)
    RCC_BackupResetCmd                       0x0800118f   Thumb Code    36  stm32f0xx_rcc.o(.text)
    RCC_AHBPeriphClockCmd                    0x080011b3   Thumb Code    28  stm32f0xx_rcc.o(.text)
    RCC_APB2PeriphClockCmd                   0x080011cf   Thumb Code    28  stm32f0xx_rcc.o(.text)
    RCC_APB1PeriphClockCmd                   0x080011eb   Thumb Code    28  stm32f0xx_rcc.o(.text)
    RCC_AHBPeriphResetCmd                    0x08001207   Thumb Code    28  stm32f0xx_rcc.o(.text)
    RCC_APB2PeriphResetCmd                   0x08001223   Thumb Code    28  stm32f0xx_rcc.o(.text)
    RCC_APB1PeriphResetCmd                   0x0800123f   Thumb Code    28  stm32f0xx_rcc.o(.text)
    RCC_ITConfig                             0x0800125b   Thumb Code    28  stm32f0xx_rcc.o(.text)
    RCC_ClearFlag                            0x08001277   Thumb Code    16  stm32f0xx_rcc.o(.text)
    RCC_GetITStatus                          0x08001287   Thumb Code    22  stm32f0xx_rcc.o(.text)
    RCC_ClearITPendingBit                    0x0800129d   Thumb Code     6  stm32f0xx_rcc.o(.text)
    NVIC_Init                                0x080012b1   Thumb Code   106  stm32f0xx_misc.o(.text)
    NVIC_SystemLPConfig                      0x0800131b   Thumb Code    28  stm32f0xx_misc.o(.text)
    SysTick_CLKSourceConfig                  0x08001337   Thumb Code    32  stm32f0xx_misc.o(.text)
    USART_DeInit                             0x08001365   Thumb Code    56  stm32f0xx_usart.o(.text)
    USART_Init                               0x0800139d   Thumb Code   234  stm32f0xx_usart.o(.text)
    USART_StructInit                         0x08001487   Thumb Code    24  stm32f0xx_usart.o(.text)
    USART_ClockInit                          0x0800149f   Thumb Code    36  stm32f0xx_usart.o(.text)
    USART_ClockStructInit                    0x080014c3   Thumb Code    12  stm32f0xx_usart.o(.text)
    USART_Cmd                                0x080014cf   Thumb Code    24  stm32f0xx_usart.o(.text)
    USART_DirectionModeCmd                   0x080014e7   Thumb Code    20  stm32f0xx_usart.o(.text)
    USART_OverSampling8Cmd                   0x080014fb   Thumb Code    28  stm32f0xx_usart.o(.text)
    USART_OneBitMethodCmd                    0x08001517   Thumb Code    28  stm32f0xx_usart.o(.text)
    USART_MSBFirstCmd                        0x08001533   Thumb Code    28  stm32f0xx_usart.o(.text)
    USART_DataInvCmd                         0x0800154f   Thumb Code    28  stm32f0xx_usart.o(.text)
    USART_InvPinCmd                          0x0800156b   Thumb Code    20  stm32f0xx_usart.o(.text)
    USART_SWAPPinCmd                         0x0800157f   Thumb Code    28  stm32f0xx_usart.o(.text)
    USART_ReceiverTimeOutCmd                 0x0800159b   Thumb Code    28  stm32f0xx_usart.o(.text)
    USART_SetReceiverTimeOut                 0x080015b7   Thumb Code    16  stm32f0xx_usart.o(.text)
    USART_SetPrescaler                       0x080015c7   Thumb Code    18  stm32f0xx_usart.o(.text)
    USART_STOPModeCmd                        0x080015d9   Thumb Code    24  stm32f0xx_usart.o(.text)
    USART_StopModeWakeUpSourceConfig         0x080015f1   Thumb Code    18  stm32f0xx_usart.o(.text)
    USART_AutoBaudRateCmd                    0x08001603   Thumb Code    28  stm32f0xx_usart.o(.text)
    USART_AutoBaudRateConfig                 0x0800161f   Thumb Code    18  stm32f0xx_usart.o(.text)
    USART_AutoBaudRateNewRequest             0x08001631   Thumb Code    12  stm32f0xx_usart.o(.text)
    USART_SendData                           0x0800163d   Thumb Code     8  stm32f0xx_usart.o(.text)
    USART_ReceiveData                        0x08001645   Thumb Code    10  stm32f0xx_usart.o(.text)
    USART_SetAddress                         0x0800164f   Thumb Code    18  stm32f0xx_usart.o(.text)
    USART_MuteModeCmd                        0x08001661   Thumb Code    28  stm32f0xx_usart.o(.text)
    USART_MuteModeWakeUpConfig               0x0800167d   Thumb Code    18  stm32f0xx_usart.o(.text)
    USART_AddressDetectionConfig             0x0800168f   Thumb Code    16  stm32f0xx_usart.o(.text)
    USART_LINBreakDetectLengthConfig         0x0800169f   Thumb Code    16  stm32f0xx_usart.o(.text)
    USART_LINCmd                             0x080016af   Thumb Code    28  stm32f0xx_usart.o(.text)
    USART_HalfDuplexCmd                      0x080016cb   Thumb Code    24  stm32f0xx_usart.o(.text)
    USART_SetGuardTime                       0x080016e3   Thumb Code    16  stm32f0xx_usart.o(.text)
    USART_SmartCardCmd                       0x080016f3   Thumb Code    24  stm32f0xx_usart.o(.text)
    USART_SmartCardNACKCmd                   0x0800170b   Thumb Code    24  stm32f0xx_usart.o(.text)
    USART_SetAutoRetryCount                  0x08001723   Thumb Code    20  stm32f0xx_usart.o(.text)
    USART_SetBlockLength                     0x08001737   Thumb Code    30  stm32f0xx_usart.o(.text)
    USART_IrDAConfig                         0x08001755   Thumb Code    16  stm32f0xx_usart.o(.text)
    USART_IrDACmd                            0x08001765   Thumb Code    24  stm32f0xx_usart.o(.text)
    USART_DECmd                              0x0800177d   Thumb Code    28  stm32f0xx_usart.o(.text)
    USART_DEPolarityConfig                   0x08001799   Thumb Code    18  stm32f0xx_usart.o(.text)
    USART_SetDEAssertionTime                 0x080017ab   Thumb Code    20  stm32f0xx_usart.o(.text)
    USART_SetDEDeassertionTime               0x080017bf   Thumb Code    20  stm32f0xx_usart.o(.text)
    USART_DMACmd                             0x080017d3   Thumb Code    20  stm32f0xx_usart.o(.text)
    USART_DMAReceptionErrorConfig            0x080017e7   Thumb Code    18  stm32f0xx_usart.o(.text)
    USART_ITConfig                           0x080017f9   Thumb Code    66  stm32f0xx_usart.o(.text)
    USART_RequestCmd                         0x0800183b   Thumb Code    20  stm32f0xx_usart.o(.text)
    USART_OverrunDetectionConfig             0x0800184f   Thumb Code    18  stm32f0xx_usart.o(.text)
    USART_GetFlagStatus                      0x08001861   Thumb Code    20  stm32f0xx_usart.o(.text)
    USART_ClearFlag                          0x08001875   Thumb Code     4  stm32f0xx_usart.o(.text)
    USART_GetITStatus                        0x08001879   Thumb Code    78  stm32f0xx_usart.o(.text)
    USART_ClearITPendingBit                  0x080018c7   Thumb Code    18  stm32f0xx_usart.o(.text)
    SPI_I2S_DeInit                           0x080018d9   Thumb Code    52  stm32f0xx_spi.o(.text)
    SPI_StructInit                           0x0800190d   Thumb Code    30  stm32f0xx_spi.o(.text)
    SPI_Init                                 0x0800192b   Thumb Code    76  stm32f0xx_spi.o(.text)
    I2S_StructInit                           0x08001977   Thumb Code    20  stm32f0xx_spi.o(.text)
    I2S_Init                                 0x0800198b   Thumb Code   228  stm32f0xx_spi.o(.text)
    SPI_Cmd                                  0x08001a6f   Thumb Code    26  stm32f0xx_spi.o(.text)
    SPI_TIModeCmd                            0x08001a89   Thumb Code    26  stm32f0xx_spi.o(.text)
    I2S_Cmd                                  0x08001aa3   Thumb Code    26  stm32f0xx_spi.o(.text)
    SPI_DataSizeConfig                       0x08001abd   Thumb Code    20  stm32f0xx_spi.o(.text)
    SPI_RxFIFOThresholdConfig                0x08001ad1   Thumb Code    16  stm32f0xx_spi.o(.text)
    SPI_BiDirectionalLineConfig              0x08001ae1   Thumb Code    28  stm32f0xx_spi.o(.text)
    SPI_NSSInternalSoftwareConfig            0x08001afd   Thumb Code    32  stm32f0xx_spi.o(.text)
    SPI_SSOutputCmd                          0x08001b1d   Thumb Code    24  stm32f0xx_spi.o(.text)
    SPI_NSSPulseModeCmd                      0x08001b35   Thumb Code    26  stm32f0xx_spi.o(.text)
    SPI_SendData8                            0x08001b4f   Thumb Code    10  stm32f0xx_spi.o(.text)
    SPI_I2S_SendData16                       0x08001b59   Thumb Code     4  stm32f0xx_spi.o(.text)
    SPI_ReceiveData8                         0x08001b5d   Thumb Code    12  stm32f0xx_spi.o(.text)
    SPI_I2S_ReceiveData16                    0x08001b69   Thumb Code     6  stm32f0xx_spi.o(.text)
    SPI_CRCLengthConfig                      0x08001b6f   Thumb Code    16  stm32f0xx_spi.o(.text)
    SPI_CalculateCRC                         0x08001b7f   Thumb Code    26  stm32f0xx_spi.o(.text)
    SPI_TransmitCRC                          0x08001b99   Thumb Code    12  stm32f0xx_spi.o(.text)
    SPI_GetCRC                               0x08001ba5   Thumb Code    16  stm32f0xx_spi.o(.text)
    SPI_GetCRCPolynomial                     0x08001bb5   Thumb Code     6  stm32f0xx_spi.o(.text)
    SPI_I2S_DMACmd                           0x08001bbb   Thumb Code    20  stm32f0xx_spi.o(.text)
    SPI_LastDMATransferCmd                   0x08001bcf   Thumb Code    16  stm32f0xx_spi.o(.text)
    SPI_I2S_ITConfig                         0x08001bdf   Thumb Code    34  stm32f0xx_spi.o(.text)
    SPI_GetTransmissionFIFOStatus            0x08001c01   Thumb Code    12  stm32f0xx_spi.o(.text)
    SPI_GetReceptionFIFOStatus               0x08001c0d   Thumb Code    12  stm32f0xx_spi.o(.text)
    SPI_I2S_GetFlagStatus                    0x08001c19   Thumb Code    20  stm32f0xx_spi.o(.text)
    SPI_I2S_ClearFlag                        0x08001c2d   Thumb Code     6  stm32f0xx_spi.o(.text)
    SPI_I2S_GetITStatus                      0x08001c33   Thumb Code    56  stm32f0xx_spi.o(.text)
    __use_no_semihosting                     0x08001c95   Thumb Code     2  use_no_semi_2.o(.text)
    __aeabi_uidiv                            0x08001c97   Thumb Code     0  aeabi_sdiv.o(.text)
    __aeabi_uidivmod                         0x08001c97   Thumb Code    20  aeabi_sdiv.o(.text)
    __aeabi_idiv                             0x08001cab   Thumb Code     0  aeabi_sdiv.o(.text)
    __aeabi_idivmod                          0x08001cab   Thumb Code   326  aeabi_sdiv.o(.text)
    __use_two_region_memory                  0x08001df1   Thumb Code     2  heapauxi.o(.text)
    __rt_heap_escrow$2region                 0x08001df3   Thumb Code     2  heapauxi.o(.text)
    __rt_heap_expand$2region                 0x08001df5   Thumb Code     2  heapauxi.o(.text)
    __I$use$semihosting                      0x08001df7   Thumb Code     0  use_no_semi.o(.text)
    __use_no_semihosting_swi                 0x08001df7   Thumb Code     2  use_no_semi.o(.text)
    __user_setup_stackheap                   0x08001df9   Thumb Code    62  sys_stackheap_outer.o(.text)
    exit                                     0x08001e37   Thumb Code    16  exit.o(.text)
    __user_libspace                          0x08001e49   Thumb Code     8  libspace.o(.text)
    __user_perproc_libspace                  0x08001e49   Thumb Code     0  libspace.o(.text)
    __user_perthread_libspace                0x08001e49   Thumb Code     0  libspace.o(.text)
    TX_ADDRESS                               0x08001e50   Data           5  24l01.o(.constdata)
    RX_ADDRESS                               0x08001e55   Data           5  24l01.o(.constdata)
    Region$$Table$$Base                      0x08001e5c   Number         0  anon$$obj.o(Region$$Table)
    Region$$Table$$Limit                     0x08001e7c   Number         0  anon$$obj.o(Region$$Table)
    data                                     0x20000000   Data           8  main.o(.data)
    reg_addr                                 0x20000008   Data           1  main.o(.data)
    reg_data                                 0x20000009   Data           1  main.o(.data)
    sta                                      0x2000000a   Data           1  main.o(.data)
    fifo_sta                                 0x2000000b   Data           1  main.o(.data)
    buf                                      0x2000000c   Data           5  main.o(.data)
    SystemCoreClock                          0x20000014   Data           4  system_stm32f0xx.o(.data)
    AHBPrescTable                            0x20000018   Data          16  system_stm32f0xx.o(.data)
    __libspace_start                         0x2000003c   Data          96  libspace.o(.bss)
    __temporary_stack_top$libspace           0x2000009c   Data           0  libspace.o(.bss)



==============================================================================

Memory Map of the image

  Image Entry point : 0x08000455

  Load Region LR_1 (Base: 0x08000000, Size: 0x00001eb8, Max: 0xffffffff, ABSOLUTE)

    Execution Region ER_RO (Base: 0x08000000, Size: 0x00001e7c, Max: 0xffffffff, ABSOLUTE)

    Base Addr    Size         Type   Attr      Idx    E Section Name        Object

    0x08000000   0x000000c0   Data   RO          128    RESET               startup_stm32f0xx.o
    0x080000c0   0x00000008   Code   RO          371  * !!!main             c_p.l(__main.o)
    0x080000c8   0x0000003c   Code   RO          538    !!!scatter          c_p.l(__scatter.o)
    0x08000104   0x0000001a   Code   RO          540    !!handler_copy      c_p.l(__scatter_copy.o)
    0x0800011e   0x00000002   PAD
    0x08000120   0x0000001c   Code   RO          542    !!handler_zi        c_p.l(__scatter_zi.o)
    0x0800013c   0x00000002   Code   RO          411    .ARM.Collect$$libinit$$00000000  c_p.l(libinit.o)
    0x0800013e   0x00000000   Code   RO          425    .ARM.Collect$$libinit$$00000002  c_p.l(libinit2.o)
    0x0800013e   0x00000000   Code   RO          427    .ARM.Collect$$libinit$$00000004  c_p.l(libinit2.o)
    0x0800013e   0x00000000   Code   RO          430    .ARM.Collect$$libinit$$0000000A  c_p.l(libinit2.o)
    0x0800013e   0x00000000   Code   RO          432    .ARM.Collect$$libinit$$0000000C  c_p.l(libinit2.o)
    0x0800013e   0x00000000   Code   RO          434    .ARM.Collect$$libinit$$0000000E  c_p.l(libinit2.o)
    0x0800013e   0x00000000   Code   RO          437    .ARM.Collect$$libinit$$00000011  c_p.l(libinit2.o)
    0x0800013e   0x00000000   Code   RO          439    .ARM.Collect$$libinit$$00000013  c_p.l(libinit2.o)
    0x0800013e   0x00000000   Code   RO          441    .ARM.Collect$$libinit$$00000015  c_p.l(libinit2.o)
    0x0800013e   0x00000000   Code   RO          443    .ARM.Collect$$libinit$$00000017  c_p.l(libinit2.o)
    0x0800013e   0x00000000   Code   RO          445    .ARM.Collect$$libinit$$00000019  c_p.l(libinit2.o)
    0x0800013e   0x00000000   Code   RO          447    .ARM.Collect$$libinit$$0000001B  c_p.l(libinit2.o)
    0x0800013e   0x00000000   Code   RO          449    .ARM.Collect$$libinit$$0000001D  c_p.l(libinit2.o)
    0x0800013e   0x00000000   Code   RO          451    .ARM.Collect$$libinit$$0000001F  c_p.l(libinit2.o)
    0x0800013e   0x00000000   Code   RO          453    .ARM.Collect$$libinit$$00000021  c_p.l(libinit2.o)
    0x0800013e   0x00000000   Code   RO          455    .ARM.Collect$$libinit$$00000023  c_p.l(libinit2.o)
    0x0800013e   0x00000000   Code   RO          457    .ARM.Collect$$libinit$$00000025  c_p.l(libinit2.o)
    0x0800013e   0x00000000   Code   RO          461    .ARM.Collect$$libinit$$0000002C  c_p.l(libinit2.o)
    0x0800013e   0x00000000   Code   RO          463    .ARM.Collect$$libinit$$0000002E  c_p.l(libinit2.o)
    0x0800013e   0x00000000   Code   RO          465    .ARM.Collect$$libinit$$00000030  c_p.l(libinit2.o)
    0x0800013e   0x00000000   Code   RO          467    .ARM.Collect$$libinit$$00000032  c_p.l(libinit2.o)
    0x0800013e   0x00000002   Code   RO          468    .ARM.Collect$$libinit$$00000033  c_p.l(libinit2.o)
    0x08000140   0x00000002   Code   RO          494    .ARM.Collect$$libshutdown$$00000000  c_p.l(libshutdown.o)
    0x08000142   0x00000000   Code   RO          521    .ARM.Collect$$libshutdown$$00000002  c_p.l(libshutdown2.o)
    0x08000142   0x00000000   Code   RO          523    .ARM.Collect$$libshutdown$$00000004  c_p.l(libshutdown2.o)
    0x08000142   0x00000000   Code   RO          526    .ARM.Collect$$libshutdown$$00000007  c_p.l(libshutdown2.o)
    0x08000142   0x00000000   Code   RO          529    .ARM.Collect$$libshutdown$$0000000A  c_p.l(libshutdown2.o)
    0x08000142   0x00000000   Code   RO          531    .ARM.Collect$$libshutdown$$0000000C  c_p.l(libshutdown2.o)
    0x08000142   0x00000000   Code   RO          534    .ARM.Collect$$libshutdown$$0000000F  c_p.l(libshutdown2.o)
    0x08000142   0x00000002   Code   RO          535    .ARM.Collect$$libshutdown$$00000010  c_p.l(libshutdown2.o)
    0x08000144   0x00000000   Code   RO          375    .ARM.Collect$$rtentry$$00000000  c_p.l(__rtentry.o)
    0x08000144   0x00000000   Code   RO          381    .ARM.Collect$$rtentry$$00000002  c_p.l(__rtentry2.o)
    0x08000144   0x00000006   Code   RO          393    .ARM.Collect$$rtentry$$00000004  c_p.l(__rtentry4.o)
    0x0800014a   0x00000000   Code   RO          383    .ARM.Collect$$rtentry$$00000009  c_p.l(__rtentry2.o)
    0x0800014a   0x00000004   Code   RO          384    .ARM.Collect$$rtentry$$0000000A  c_p.l(__rtentry2.o)
    0x0800014e   0x00000000   Code   RO          386    .ARM.Collect$$rtentry$$0000000C  c_p.l(__rtentry2.o)
    0x0800014e   0x00000008   Code   RO          387    .ARM.Collect$$rtentry$$0000000D  c_p.l(__rtentry2.o)
    0x08000156   0x00000002   Code   RO          416    .ARM.Collect$$rtexit$$00000000  c_p.l(rtexit.o)
    0x08000158   0x00000000   Code   RO          470    .ARM.Collect$$rtexit$$00000002  c_p.l(rtexit2.o)
    0x08000158   0x00000004   Code   RO          471    .ARM.Collect$$rtexit$$00000003  c_p.l(rtexit2.o)
    0x0800015c   0x00000006   Code   RO          472    .ARM.Collect$$rtexit$$00000004  c_p.l(rtexit2.o)
    0x08000162   0x00000002   PAD
    0x08000164   0x000000ec   Code   RO            2    .text               main.o
    0x08000250   0x0000000c   Code   RO           86    .text               stm32f0xx_it.o
    0x0800025c   0x000001f8   Code   RO          105    .text               system_stm32f0xx.o
    0x08000454   0x00000038   Code   RO          129  * .text               startup_stm32f0xx.o
    0x0800048c   0x00000036   Code   RO          134    .text               led.o
    0x080004c2   0x00000002   PAD
    0x080004c4   0x000000e0   Code   RO          169    .text               usart1.o
    0x080005a4   0x00000328   Code   RO          208    .text               24l01.o
    0x080008cc   0x00000128   Code   RO          227    .text               spi.o
    0x080009f4   0x000000d4   Code   RO          243    .text               delay.o
    0x08000ac8   0x000001f0   Code   RO          261    .text               stm32f0xx_gpio.o
    0x08000cb8   0x000005f8   Code   RO          277    .text               stm32f0xx_rcc.o
    0x080012b0   0x000000b4   Code   RO          295    .text               stm32f0xx_misc.o
    0x08001364   0x00000574   Code   RO          311    .text               stm32f0xx_usart.o
    0x080018d8   0x000003bc   Code   RO          343    .text               stm32f0xx_spi.o
    0x08001c94   0x00000002   Code   RO          363    .text               c_p.l(use_no_semi_2.o)
    0x08001c96   0x0000015a   Code   RO          365    .text               c_p.l(aeabi_sdiv.o)
    0x08001df0   0x00000006   Code   RO          369    .text               c_p.l(heapauxi.o)
    0x08001df6   0x00000002   Code   RO          373    .text               c_p.l(use_no_semi.o)
    0x08001df8   0x0000003e   Code   RO          397    .text               c_p.l(sys_stackheap_outer.o)
    0x08001e36   0x00000010   Code   RO          400    .text               c_p.l(exit.o)
    0x08001e46   0x00000002   PAD
    0x08001e48   0x00000008   Code   RO          412    .text               c_p.l(libspace.o)
    0x08001e50   0x0000000a   Data   RO          209    .constdata          24l01.o
    0x08001e5a   0x00000002   PAD
    0x08001e5c   0x00000020   Data   RO          536    Region$$Table       anon$$obj.o


    Execution Region ER_RW (Base: 0x20000000, Size: 0x0000003c, Max: 0xffffffff, ABSOLUTE)

    Base Addr    Size         Type   Attr      Idx    E Section Name        Object

    0x20000000   0x00000011   Data   RW            3    .data               main.o
    0x20000011   0x00000003   PAD
    0x20000014   0x00000014   Data   RW          106    .data               system_stm32f0xx.o
    0x20000028   0x00000004   Data   RW          244    .data               delay.o
    0x2000002c   0x00000010   Data   RW          278    .data               stm32f0xx_rcc.o


    Execution Region ER_ZI (Base: 0x2000003c, Size: 0x00000664, Max: 0xffffffff, ABSOLUTE)

    Base Addr    Size         Type   Attr      Idx    E Section Name        Object

    0x2000003c   0x00000060   Zero   RW          413    .bss                c_p.l(libspace.o)
    0x2000009c   0x00000004   PAD
    0x200000a0   0x00000200   Zero   RW          127    HEAP                startup_stm32f0xx.o
    0x200002a0   0x00000400   Zero   RW          126    STACK               startup_stm32f0xx.o


==============================================================================

Image component sizes


      Code (inc. data)   RO Data    RW Data    ZI Data      Debug   Object Name

       808         30         10          0          0       3813   24l01.o
       212         20          0          4          0        967   delay.o
        54          0          0          0          0      84727   led.o
       236         26          0         17          0      38553   main.o
       296         12          0          0          0       1021   spi.o
        56         26        192          0       1536        600   startup_stm32f0xx.o
       496         22          0          0          0       3669   stm32f0xx_gpio.o
        12          0          0          0          0        751   stm32f0xx_it.o
       180         14          0          0          0       1284   stm32f0xx_misc.o
      1528         42          0         16          0       8494   stm32f0xx_rcc.o
       956         42          0          0          0      16447   stm32f0xx_spi.o
      1396         12          0          0          0      12039   stm32f0xx_usart.o
       504         34          0         20          0       1527   system_stm32f0xx.o
       224          8          0          0          0       2571   usart1.o

    ----------------------------------------------------------------------
      6960        288        236         60       1536     176463   Object Totals
         0          0         32          0          0          0   (incl. Generated)
         2          0          2          3          0          0   (incl. Padding)

    ----------------------------------------------------------------------

      Code (inc. data)   RO Data    RW Data    ZI Data      Debug   Library Member Name

         8          0          0          0          0         68   __main.o
         0          0          0          0          0          0   __rtentry.o
        12          0          0          0          0          0   __rtentry2.o
         6          0          0          0          0          0   __rtentry4.o
        60          8          0          0          0          0   __scatter.o
        26          0          0          0          0          0   __scatter_copy.o
        28          0          0          0          0          0   __scatter_zi.o
       346          0          0          0          0         92   aeabi_sdiv.o
        16          0          0          0          0         68   exit.o
         6          0          0          0          0        136   heapauxi.o
         2          0          0          0          0          0   libinit.o
         2          0          0          0          0          0   libinit2.o
         2          0          0          0          0          0   libshutdown.o
         2          0          0          0          0          0   libshutdown2.o
         8          4          0          0         96         68   libspace.o
         2          0          0          0          0          0   rtexit.o
        10          0          0          0          0          0   rtexit2.o
        62          0          0          0          0         80   sys_stackheap_outer.o
         2          0          0          0          0         68   use_no_semi.o
         2          0          0          0          0         68   use_no_semi_2.o

    ----------------------------------------------------------------------
       608         12          0          0        100        648   Library Totals
         6          0          0          0          4          0   (incl. Padding)

    ----------------------------------------------------------------------

      Code (inc. data)   RO Data    RW Data    ZI Data      Debug   Library Name

       602         12          0          0         96        648   c_p.l

    ----------------------------------------------------------------------
       608         12          0          0        100        648   Library Totals

    ----------------------------------------------------------------------

==============================================================================


      Code (inc. data)   RO Data    RW Data    ZI Data      Debug   

      7568        300        236         60       1636     176123   Grand Totals
      7568        300        236         60       1636     176123   ELF Image Totals
      7568        300        236         60          0          0   ROM Totals

==============================================================================

    Total RO  Size (Code + RO Data)                 7804 (   7.62kB)
    Total RW  Size (RW Data + ZI Data)              1696 (   1.66kB)
    Total ROM Size (Code + RO Data + RW Data)       7864 (   7.68kB)

==============================================================================

